Archive member included to satisfy reference by file (symbol)

/Users/jgiles/projects/gcc-arm-none-eabi-10.3-2021.07/bin/../lib/gcc/arm-none-eabi/10.3.1/../../../../arm-none-eabi/lib/thumb/v8-m.base/nofp/libc_nano.a(lib_a-exit.o)
                              /Users/jgiles/projects/gcc-arm-none-eabi-10.3-2021.07/bin/../lib/gcc/arm-none-eabi/10.3.1/../../../../arm-none-eabi/lib/thumb/v8-m.base/nofp/crt0.o (exit)
/Users/jgiles/projects/gcc-arm-none-eabi-10.3-2021.07/bin/../lib/gcc/arm-none-eabi/10.3.1/../../../../arm-none-eabi/lib/thumb/v8-m.base/nofp/libc_nano.a(lib_a-impure.o)
                              /Users/jgiles/projects/gcc-arm-none-eabi-10.3-2021.07/bin/../lib/gcc/arm-none-eabi/10.3.1/../../../../arm-none-eabi/lib/thumb/v8-m.base/nofp/libc_nano.a(lib_a-exit.o) (_global_impure_ptr)
/Users/jgiles/projects/gcc-arm-none-eabi-10.3-2021.07/bin/../lib/gcc/arm-none-eabi/10.3.1/../../../../arm-none-eabi/lib/thumb/v8-m.base/nofp/libc_nano.a(lib_a-init.o)
                              /Users/jgiles/projects/gcc-arm-none-eabi-10.3-2021.07/bin/../lib/gcc/arm-none-eabi/10.3.1/../../../../arm-none-eabi/lib/thumb/v8-m.base/nofp/crt0.o (__libc_init_array)
/Users/jgiles/projects/gcc-arm-none-eabi-10.3-2021.07/bin/../lib/gcc/arm-none-eabi/10.3.1/../../../../arm-none-eabi/lib/thumb/v8-m.base/nofp/libc_nano.a(lib_a-memset.o)
                              /Users/jgiles/projects/gcc-arm-none-eabi-10.3-2021.07/bin/../lib/gcc/arm-none-eabi/10.3.1/../../../../arm-none-eabi/lib/thumb/v8-m.base/nofp/crt0.o (memset)
/Users/jgiles/projects/gcc-arm-none-eabi-10.3-2021.07/bin/../lib/gcc/arm-none-eabi/10.3.1/../../../../arm-none-eabi/lib/thumb/v8-m.base/nofp/libnosys.a(_exit.o)
                              /Users/jgiles/projects/gcc-arm-none-eabi-10.3-2021.07/bin/../lib/gcc/arm-none-eabi/10.3.1/../../../../arm-none-eabi/lib/thumb/v8-m.base/nofp/libc_nano.a(lib_a-exit.o) (_exit)

Discarded input sections

 .text          0x0000000000000000        0x0 /Users/jgiles/projects/gcc-arm-none-eabi-10.3-2021.07/bin/../lib/gcc/arm-none-eabi/10.3.1/thumb/v8-m.base/nofp/crti.o
 .data          0x0000000000000000        0x0 /Users/jgiles/projects/gcc-arm-none-eabi-10.3-2021.07/bin/../lib/gcc/arm-none-eabi/10.3.1/thumb/v8-m.base/nofp/crti.o
 .bss           0x0000000000000000        0x0 /Users/jgiles/projects/gcc-arm-none-eabi-10.3-2021.07/bin/../lib/gcc/arm-none-eabi/10.3.1/thumb/v8-m.base/nofp/crti.o
 .data          0x0000000000000000        0x4 /Users/jgiles/projects/gcc-arm-none-eabi-10.3-2021.07/bin/../lib/gcc/arm-none-eabi/10.3.1/thumb/v8-m.base/nofp/crtbegin.o
 .rodata        0x0000000000000000       0x24 /Users/jgiles/projects/gcc-arm-none-eabi-10.3-2021.07/bin/../lib/gcc/arm-none-eabi/10.3.1/thumb/v8-m.base/nofp/crtbegin.o
 .text          0x0000000000000000       0x80 /Users/jgiles/projects/gcc-arm-none-eabi-10.3-2021.07/bin/../lib/gcc/arm-none-eabi/10.3.1/../../../../arm-none-eabi/lib/thumb/v8-m.base/nofp/crt0.o
 .data          0x0000000000000000        0x0 /Users/jgiles/projects/gcc-arm-none-eabi-10.3-2021.07/bin/../lib/gcc/arm-none-eabi/10.3.1/../../../../arm-none-eabi/lib/thumb/v8-m.base/nofp/crt0.o
 .bss           0x0000000000000000        0x0 /Users/jgiles/projects/gcc-arm-none-eabi-10.3-2021.07/bin/../lib/gcc/arm-none-eabi/10.3.1/../../../../arm-none-eabi/lib/thumb/v8-m.base/nofp/crt0.o
 .ARM.extab     0x0000000000000000        0x0 /Users/jgiles/projects/gcc-arm-none-eabi-10.3-2021.07/bin/../lib/gcc/arm-none-eabi/10.3.1/../../../../arm-none-eabi/lib/thumb/v8-m.base/nofp/crt0.o
 .ARM.exidx     0x0000000000000000       0x10 /Users/jgiles/projects/gcc-arm-none-eabi-10.3-2021.07/bin/../lib/gcc/arm-none-eabi/10.3.1/../../../../arm-none-eabi/lib/thumb/v8-m.base/nofp/crt0.o
 .ARM.attributes
                0x0000000000000000       0x20 /Users/jgiles/projects/gcc-arm-none-eabi-10.3-2021.07/bin/../lib/gcc/arm-none-eabi/10.3.1/../../../../arm-none-eabi/lib/thumb/v8-m.base/nofp/crt0.o
 .text          0x0000000000000000        0x0 build/main.o
 .data          0x0000000000000000        0x0 build/main.o
 .bss           0x0000000000000000        0x0 build/main.o
 .text          0x0000000000000000        0x0 build/systick.o
 .data          0x0000000000000000        0x0 build/systick.o
 .bss           0x0000000000000000        0x0 build/systick.o
 .text          0x0000000000000000        0x0 build/gd32e23x_it.o
 .data          0x0000000000000000        0x0 build/gd32e23x_it.o
 .bss           0x0000000000000000        0x0 build/gd32e23x_it.o
 .text.MemManage_Handler
                0x0000000000000000        0x2 build/gd32e23x_it.o
 .text.BusFault_Handler
                0x0000000000000000        0x2 build/gd32e23x_it.o
 .text.UsageFault_Handler
                0x0000000000000000        0x2 build/gd32e23x_it.o
 .text.DebugMon_Handler
                0x0000000000000000        0x2 build/gd32e23x_it.o
 .text          0x0000000000000000        0x0 build/gd32e23x_adc.o
 .data          0x0000000000000000        0x0 build/gd32e23x_adc.o
[...]
Memory Configuration

Name             Origin             Length             Attributes
RAM              0x0000000020000000 0x0000000000002000 xrw
FLASH            0x0000000008000000 0x0000000000010000 xr
*default*        0x0000000000000000 0xffffffffffffffff

Linker script and memory map

LOAD /Users/jgiles/projects/gcc-arm-none-eabi-10.3-2021.07/bin/../lib/gcc/arm-none-eabi/10.3.1/thumb/v8-m.base/nofp/crti.o
LOAD /Users/jgiles/projects/gcc-arm-none-eabi-10.3-2021.07/bin/../lib/gcc/arm-none-eabi/10.3.1/thumb/v8-m.base/nofp/crtbegin.o
LOAD /Users/jgiles/projects/gcc-arm-none-eabi-10.3-2021.07/bin/../lib/gcc/arm-none-eabi/10.3.1/../../../../arm-none-eabi/lib/thumb/v8-m.base/nofp/crt0.o
LOAD build/main.o
LOAD build/systick.o
LOAD build/gd32e23x_it.o
LOAD build/gd32e23x_adc.o
LOAD build/gd32e23x_cmp.o
LOAD build/gd32e23x_crc.o
LOAD build/gd32e23x_dbg.o
LOAD build/gd32e23x_dma.o
LOAD build/gd32e23x_exti.o
LOAD build/gd32e23x_fmc.o
LOAD build/gd32e23x_fwdgt.o
LOAD build/gd32e23x_gpio.o
LOAD build/gd32e23x_i2c.o
LOAD build/gd32e23x_misc.o
LOAD build/gd32e23x_pmu.o
LOAD build/gd32e23x_rcu.o
LOAD build/gd32e23x_rtc.o
LOAD build/gd32e23x_spi.o
LOAD build/gd32e23x_syscfg.o
LOAD build/gd32e23x_timer.o
LOAD build/gd32e23x_usart.o
LOAD build/gd32e23x_wwdgt.o
LOAD build/system_gd32e23x.o
LOAD build/startup_gd32e23x.o
LOAD /Users/jgiles/projects/gcc-arm-none-eabi-10.3-2021.07/bin/../lib/gcc/arm-none-eabi/10.3.1/../../../../arm-none-eabi/lib/thumb/v8-m.base/nofp/libc_nano.a
LOAD /Users/jgiles/projects/gcc-arm-none-eabi-10.3-2021.07/bin/../lib/gcc/arm-none-eabi/10.3.1/../../../../arm-none-eabi/lib/thumb/v8-m.base/nofp/libm.a
LOAD /Users/jgiles/projects/gcc-arm-none-eabi-10.3-2021.07/bin/../lib/gcc/arm-none-eabi/10.3.1/../../../../arm-none-eabi/lib/thumb/v8-m.base/nofp/libnosys.a
START GROUP
LOAD /Users/jgiles/projects/gcc-arm-none-eabi-10.3-2021.07/bin/../lib/gcc/arm-none-eabi/10.3.1/thumb/v8-m.base/nofp/libgcc.a
LOAD /Users/jgiles/projects/gcc-arm-none-eabi-10.3-2021.07/bin/../lib/gcc/arm-none-eabi/10.3.1/../../../../arm-none-eabi/lib/thumb/v8-m.base/nofp/libc_nano.a
END GROUP
START GROUP
LOAD /Users/jgiles/projects/gcc-arm-none-eabi-10.3-2021.07/bin/../lib/gcc/arm-none-eabi/10.3.1/thumb/v8-m.base/nofp/libgcc.a
LOAD /Users/jgiles/projects/gcc-arm-none-eabi-10.3-2021.07/bin/../lib/gcc/arm-none-eabi/10.3.1/../../../../arm-none-eabi/lib/thumb/v8-m.base/nofp/libc_nano.a
END GROUP
LOAD /Users/jgiles/projects/gcc-arm-none-eabi-10.3-2021.07/bin/../lib/gcc/arm-none-eabi/10.3.1/thumb/v8-m.base/nofp/crtend.o
LOAD /Users/jgiles/projects/gcc-arm-none-eabi-10.3-2021.07/bin/../lib/gcc/arm-none-eabi/10.3.1/thumb/v8-m.base/nofp/crtn.o
                0x0000000020002000                _estack = 0x20002000
                0x0000000000000200                _Min_Heap_Size = 0x200
                0x0000000000000400                _Min_Stack_Size = 0x400

.isr_vector     0x0000000008000000       0xcc
                0x0000000008000000                . = ALIGN (0x4)
 *(.isr_vector)
 .isr_vector    0x0000000008000000       0xcc build/startup_gd32e23x.o
                0x0000000008000000                g_pfnVectors
                0x00000000080000cc                . = ALIGN (0x4)

.text           0x00000000080000cc      0x3c0
                0x00000000080000cc                . = ALIGN (0x4)
 *(.text)
 .text          0x00000000080000cc       0x50 /Users/jgiles/projects/gcc-arm-none-eabi-10.3-2021.07/bin/../lib/gcc/arm-none-eabi/10.3.1/thumb/v8-m.base/nofp/crtbegin.o
 *(.text*)
 .text.main     0x000000000800011c       0x5c build/main.o
                0x000000000800011c                main
 .text.systick_config
                0x0000000008000178       0x60 build/systick.o
                0x0000000008000178                systick_config
 .text.delay_1ms
                0x00000000080001d8       0x1a build/systick.o
                0x00000000080001d8                delay_1ms
 .text.delay_decrement
                0x00000000080001f2       0x1c build/systick.o
                0x00000000080001f2                delay_decrement
 .text.NMI_Handler
                0x000000000800020e        0x2 build/gd32e23x_it.o
                0x000000000800020e                NMI_Handler
 .text.HardFault_Handler
                0x0000000008000210        0x2 build/gd32e23x_it.o
                0x0000000008000210                HardFault_Handler
 .text.SVC_Handler
                0x0000000008000212        0x2 build/gd32e23x_it.o
                0x0000000008000212                SVC_Handler
 .text.PendSV_Handler
                0x0000000008000214        0x2 build/gd32e23x_it.o
                0x0000000008000214                PendSV_Handler
 .text.SysTick_Handler
                0x0000000008000216        0x8 build/gd32e23x_it.o
                0x0000000008000216                SysTick_Handler
 .text.gpio_mode_set
                0x000000000800021e       0x4e build/gd32e23x_gpio.o
                0x000000000800021e                gpio_mode_set
 .text.gpio_output_options_set
                0x000000000800026c       0x3e build/gd32e23x_gpio.o
                0x000000000800026c                gpio_output_options_set
 .text.gpio_bit_set
                0x00000000080002aa        0x4 build/gd32e23x_gpio.o
                0x00000000080002aa                gpio_bit_set
 .text.gpio_bit_reset
                0x00000000080002ae        0x4 build/gd32e23x_gpio.o
                0x00000000080002ae                gpio_bit_reset
 .text.nvic_vector_table_set
                0x00000000080002b2       0x18 build/gd32e23x_misc.o
                0x00000000080002b2                nvic_vector_table_set
 .text.rcu_periph_clock_enable
                0x00000000080002ca       0x1c build/gd32e23x_rcu.o
                0x00000000080002ca                rcu_periph_clock_enable
 .text.system_clock_8m_irc8m
                0x00000000080002e6       0x24 build/system_gd32e23x.o
 .text.system_clock_config
                0x000000000800030a        0x8 build/system_gd32e23x.o
 *fill*         0x0000000008000312        0x2 
 .text.SystemInit
                0x0000000008000314       0xbc build/system_gd32e23x.o
                0x0000000008000314                SystemInit
 .text.Reset_Handler
                0x00000000080003d0       0x50 build/startup_gd32e23x.o
                0x00000000080003d0                Reset_Handler
 .text.Default_Handler
                0x0000000008000420        0x2 build/startup_gd32e23x.o
                0x0000000008000420                FMC_IRQHandler
                0x0000000008000420                TIMER5_IRQHandler
                0x0000000008000420                LVD_IRQHandler
                0x0000000008000420                TIMER15_IRQHandler
                0x0000000008000420                I2C0_EV_IRQHandler
                0x0000000008000420                ADC_CMP_IRQHandler
                0x0000000008000420                SPI1_IRQHandler
                0x0000000008000420                DMA_Channel3_4_IRQHandler
                0x0000000008000420                TIMER14_IRQHandler
                0x0000000008000420                TIMER16_IRQHandler
                0x0000000008000420                EXTI2_3_IRQHandler
                0x0000000008000420                I2C0_ER_IRQHandler
                0x0000000008000420                RTC_IRQHandler
                0x0000000008000420                USART0_IRQHandler
                0x0000000008000420                TIMER13_IRQHandler
                0x0000000008000420                I2C1_EV_IRQHandler
                0x0000000008000420                EXTI4_15_IRQHandler
                0x0000000008000420                Default_Handler
                0x0000000008000420                WWDGT_IRQHandler
                0x0000000008000420                TIMER0_BRK_UP_TRG_COM_IRQHandler
                0x0000000008000420                EXTI0_1_IRQHandler
                0x0000000008000420                DMA_Channel1_2_IRQHandler
                0x0000000008000420                RCU_IRQHandler
                0x0000000008000420                TIMER0_Channel_IRQHandler
                0x0000000008000420                SPI0_IRQHandler
                0x0000000008000420                DMA_Channel0_IRQHandler
                0x0000000008000420                USART1_IRQHandler
                0x0000000008000420                I2C1_ER_IRQHandler
                0x0000000008000420                TIMER2_IRQHandler
 *fill*         0x0000000008000422        0x2 
 .text.__libc_init_array
                0x0000000008000424       0x50 /Users/jgiles/projects/gcc-arm-none-eabi-10.3-2021.07/bin/../lib/gcc/arm-none-eabi/10.3.1/../../../../arm-none-eabi/lib/thumb/v8-m.base/nofp/libc_nano.a(lib_a-init.o)
                0x0000000008000424                __libc_init_array
 *(.glue_7)
 .glue_7        0x0000000008000474        0x0 linker stubs
 *(.glue_7t)
 .glue_7t       0x0000000008000474        0x0 linker stubs
 *(.eh_frame)
 .eh_frame      0x0000000008000474        0x0 /Users/jgiles/projects/gcc-arm-none-eabi-10.3-2021.07/bin/../lib/gcc/arm-none-eabi/10.3.1/thumb/v8-m.base/nofp/crtbegin.o
 *(.init)
 .init          0x0000000008000474        0x4 /Users/jgiles/projects/gcc-arm-none-eabi-10.3-2021.07/bin/../lib/gcc/arm-none-eabi/10.3.1/thumb/v8-m.base/nofp/crti.o
                0x0000000008000474                _init
 .init          0x0000000008000478        0x8 /Users/jgiles/projects/gcc-arm-none-eabi-10.3-2021.07/bin/../lib/gcc/arm-none-eabi/10.3.1/thumb/v8-m.base/nofp/crtn.o
 *(.fini)
 .fini          0x0000000008000480        0x4 /Users/jgiles/projects/gcc-arm-none-eabi-10.3-2021.07/bin/../lib/gcc/arm-none-eabi/10.3.1/thumb/v8-m.base/nofp/crti.o
                0x0000000008000480                _fini
 .fini          0x0000000008000484        0x8 /Users/jgiles/projects/gcc-arm-none-eabi-10.3-2021.07/bin/../lib/gcc/arm-none-eabi/10.3.1/thumb/v8-m.base/nofp/crtn.o
                0x000000000800048c                . = ALIGN (0x4)
                0x000000000800048c                _etext = .

.vfp11_veneer   0x000000000800048c        0x0
 .vfp11_veneer  0x000000000800048c        0x0 linker stubs

.v4_bx          0x000000000800048c        0x0
 .v4_bx         0x000000000800048c        0x0 linker stubs

.iplt           0x000000000800048c        0x0
 .iplt          0x000000000800048c        0x0 /Users/jgiles/projects/gcc-arm-none-eabi-10.3-2021.07/bin/../lib/gcc/arm-none-eabi/10.3.1/thumb/v8-m.base/nofp/crtbegin.o

.rel.dyn        0x000000000800048c        0x0
 .rel.iplt      0x000000000800048c        0x0 /Users/jgiles/projects/gcc-arm-none-eabi-10.3-2021.07/bin/../lib/gcc/arm-none-eabi/10.3.1/thumb/v8-m.base/nofp/crtbegin.o

.rodata         0x000000000800048c        0x0
                0x000000000800048c                . = ALIGN (0x4)
 *(.rodata)
 *(.rodata*)
                0x000000000800048c                . = ALIGN (0x4)

.ARM.extab
 *(.ARM.extab* .gnu.linkonce.armextab.*)

.ARM            0x000000000800048c        0x0
                0x000000000800048c                __exidx_start = .
 *(.ARM.exidx*)
                0x000000000800048c                __exidx_end = .

.preinit_array  0x000000000800048c        0x0
                0x000000000800048c                PROVIDE (__preinit_array_start = .)
 *(.preinit_array*)
                0x000000000800048c                PROVIDE (__preinit_array_end = .)

.init_array     0x000000000800048c        0x4
                0x000000000800048c                PROVIDE (__init_array_start = .)
 *(SORT_BY_NAME(.init_array.*))
 *(.init_array*)
 .init_array    0x000000000800048c        0x4 /Users/jgiles/projects/gcc-arm-none-eabi-10.3-2021.07/bin/../lib/gcc/arm-none-eabi/10.3.1/thumb/v8-m.base/nofp/crtbegin.o
                0x0000000008000490                PROVIDE (__init_array_end = .)

.fini_array     0x0000000008000490        0x4
                [!provide]                        PROVIDE (__fini_array_start = .)
 *(SORT_BY_NAME(.fini_array.*))
 *(.fini_array*)
 .fini_array    0x0000000008000490        0x4 /Users/jgiles/projects/gcc-arm-none-eabi-10.3-2021.07/bin/../lib/gcc/arm-none-eabi/10.3.1/thumb/v8-m.base/nofp/crtbegin.o
                [!provide]                        PROVIDE (__fini_array_end = .)
                0x0000000008000494                _sidata = LOADADDR (.data)

.data           0x0000000020000000        0x4 load address 0x0000000008000494
                0x0000000020000000                . = ALIGN (0x4)
                0x0000000020000000                _sdata = .
 *(.data)
 *(.data*)
 .data.SystemCoreClock
                0x0000000020000000        0x4 build/system_gd32e23x.o
                0x0000000020000000                SystemCoreClock
                0x0000000020000004                . = ALIGN (0x4)
                0x0000000020000004                _edata = .

.igot.plt       0x0000000020000004        0x0 load address 0x0000000008000498
 .igot.plt      0x0000000020000004        0x0 /Users/jgiles/projects/gcc-arm-none-eabi-10.3-2021.07/bin/../lib/gcc/arm-none-eabi/10.3.1/thumb/v8-m.base/nofp/crtbegin.o
                0x0000000020000004                . = ALIGN (0x4)

.bss            0x0000000020000004       0x20 load address 0x0000000008000498
                0x0000000020000004                _sbss = .
                0x0000000020000004                __bss_start__ = _sbss
 *(.bss)
 .bss           0x0000000020000004       0x1c /Users/jgiles/projects/gcc-arm-none-eabi-10.3-2021.07/bin/../lib/gcc/arm-none-eabi/10.3.1/thumb/v8-m.base/nofp/crtbegin.o
 *(.bss*)
 .bss.delay     0x0000000020000020        0x4 build/systick.o
 *(COMMON)
                0x0000000020000024                . = ALIGN (0x4)
                0x0000000020000024                _ebss = .
                0x0000000020000024                __bss_end__ = _ebss

._user_heap_stack
                0x0000000020000024      0x604 load address 0x0000000008000498
                0x0000000020000028                . = ALIGN (0x8)
 *fill*         0x0000000020000024        0x4 
                [!provide]                        PROVIDE (end = .)
                [!provide]                        PROVIDE (_end = .)
                0x0000000020000228                . = (. + _Min_Heap_Size)
 *fill*         0x0000000020000028      0x200 
                0x0000000020000628                . = (. + _Min_Stack_Size)
 *fill*         0x0000000020000228      0x400 
                0x0000000020000628                . = ALIGN (0x8)

/DISCARD/
 libc.a(*)
 libm.a(*)
 libgcc.a(*)

.ARM.attributes
                0x0000000000000000       0x2c
 *(.ARM.attributes)
 .ARM.attributes
                0x0000000000000000       0x22 /Users/jgiles/projects/gcc-arm-none-eabi-10.3-2021.07/bin/../lib/gcc/arm-none-eabi/10.3.1/thumb/v8-m.base/nofp/crti.o
 .ARM.attributes
                0x0000000000000022       0x30 /Users/jgiles/projects/gcc-arm-none-eabi-10.3-2021.07/bin/../lib/gcc/arm-none-eabi/10.3.1/thumb/v8-m.base/nofp/crtbegin.o
 .ARM.attributes
                0x0000000000000052       0x30 build/main.o
 .ARM.attributes
                0x0000000000000082       0x30 build/systick.o
 .ARM.attributes
                0x00000000000000b2       0x30 build/gd32e23x_it.o
 .ARM.attributes
                0x00000000000000e2       0x30 build/gd32e23x_gpio.o
 .ARM.attributes
                0x0000000000000112       0x30 build/gd32e23x_misc.o
 .ARM.attributes
                0x0000000000000142       0x30 build/gd32e23x_rcu.o
 .ARM.attributes
                0x0000000000000172       0x30 build/system_gd32e23x.o
 .ARM.attributes
                0x00000000000001a2       0x22 build/startup_gd32e23x.o
 .ARM.attributes
                0x00000000000001c4       0x30 /Users/jgiles/projects/gcc-arm-none-eabi-10.3-2021.07/bin/../lib/gcc/arm-none-eabi/10.3.1/../../../../arm-none-eabi/lib/thumb/v8-m.base/nofp/libc_nano.a(lib_a-init.o)
 .ARM.attributes
                0x00000000000001f4       0x22 /Users/jgiles/projects/gcc-arm-none-eabi-10.3-2021.07/bin/../lib/gcc/arm-none-eabi/10.3.1/thumb/v8-m.base/nofp/crtn.o
OUTPUT(build/GD32E230K8_MK.elf elf32-littlearm)
LOAD linker stubs
LOAD /Users/jgiles/projects/gcc-arm-none-eabi-10.3-2021.07/bin/../lib/gcc/arm-none-eabi/10.3.1/../../../../arm-none-eabi/lib/thumb/v8-m.base/nofp/libc.a
LOAD /Users/jgiles/projects/gcc-arm-none-eabi-10.3-2021.07/bin/../lib/gcc/arm-none-eabi/10.3.1/../../../../arm-none-eabi/lib/thumb/v8-m.base/nofp/libm.a
LOAD /Users/jgiles/projects/gcc-arm-none-eabi-10.3-2021.07/bin/../lib/gcc/arm-none-eabi/10.3.1/thumb/v8-m.base/nofp/libgcc.a

.debug_info     0x0000000000000000     0x28d3
 .debug_info    0x0000000000000000      0x2c6 build/main.o
 .debug_info    0x00000000000002c6      0x593 build/systick.o
 .debug_info    0x0000000000000859      0x153 build/gd32e23x_it.o
 .debug_info    0x00000000000009ac      0x6b5 build/gd32e23x_gpio.o
 .debug_info    0x0000000000001061      0x69a build/gd32e23x_misc.o
 .debug_info    0x00000000000016fb      0xf21 build/gd32e23x_rcu.o
 .debug_info    0x000000000000261c      0x295 build/system_gd32e23x.o
 .debug_info    0x00000000000028b1       0x22 build/startup_gd32e23x.o

.debug_abbrev   0x0000000000000000      0xaf2
 .debug_abbrev  0x0000000000000000       0xcc build/main.o
 .debug_abbrev  0x00000000000000cc      0x1d2 build/systick.o
 .debug_abbrev  0x000000000000029e       0x81 build/gd32e23x_it.o
 .debug_abbrev  0x000000000000031f      0x23f build/gd32e23x_gpio.o
 .debug_abbrev  0x000000000000055e      0x1c3 build/gd32e23x_misc.o
 .debug_abbrev  0x0000000000000721      0x23f build/gd32e23x_rcu.o
 .debug_abbrev  0x0000000000000960      0x180 build/system_gd32e23x.o
 .debug_abbrev  0x0000000000000ae0       0x12 build/startup_gd32e23x.o

.debug_loc      0x0000000000000000     0x16d3
 .debug_loc     0x0000000000000000       0x20 build/main.o
 .debug_loc     0x0000000000000020       0x9f build/systick.o
 .debug_loc     0x00000000000000bf       0x20 build/gd32e23x_it.o
 .debug_loc     0x00000000000000df      0x3fd build/gd32e23x_gpio.o
 .debug_loc     0x00000000000004dc      0x192 build/gd32e23x_misc.o
 .debug_loc     0x000000000000066e      0xe03 build/gd32e23x_rcu.o
 .debug_loc     0x0000000000001471      0x262 build/system_gd32e23x.o

.debug_aranges  0x0000000000000000      0x340
 .debug_aranges
                0x0000000000000000       0x20 build/main.o
 .debug_aranges
                0x0000000000000020       0x30 build/systick.o
 .debug_aranges
                0x0000000000000050       0x60 build/gd32e23x_it.o
 .debug_aranges
                0x00000000000000b0       0x90 build/gd32e23x_gpio.o
 .debug_aranges
                0x0000000000000140       0x50 build/gd32e23x_misc.o
 .debug_aranges
                0x0000000000000190      0x150 build/gd32e23x_rcu.o
 .debug_aranges
                0x00000000000002e0       0x38 build/system_gd32e23x.o
 .debug_aranges
                0x0000000000000318       0x28 build/startup_gd32e23x.o

.debug_ranges   0x0000000000000000      0x2f8
 .debug_ranges  0x0000000000000000       0x10 build/main.o
 .debug_ranges  0x0000000000000010       0x38 build/systick.o
 .debug_ranges  0x0000000000000048       0x50 build/gd32e23x_it.o
 .debug_ranges  0x0000000000000098       0x80 build/gd32e23x_gpio.o
 .debug_ranges  0x0000000000000118       0x58 build/gd32e23x_misc.o
 .debug_ranges  0x0000000000000170      0x140 build/gd32e23x_rcu.o
 .debug_ranges  0x00000000000002b0       0x28 build/system_gd32e23x.o
 .debug_ranges  0x00000000000002d8       0x20 build/startup_gd32e23x.o

.debug_line     0x0000000000000000     0x1f38
 .debug_line    0x0000000000000000      0x193 build/main.o
 .debug_line    0x0000000000000193      0x2da build/systick.o
 .debug_line    0x000000000000046d      0x13a build/gd32e23x_it.o
 .debug_line    0x00000000000005a7      0x594 build/gd32e23x_gpio.o
 .debug_line    0x0000000000000b3b      0x371 build/gd32e23x_misc.o
 .debug_line    0x0000000000000eac      0xc5c build/gd32e23x_rcu.o
 .debug_line    0x0000000000001b08      0x390 build/system_gd32e23x.o
 .debug_line    0x0000000000001e98       0xa0 build/startup_gd32e23x.o

.debug_str      0x0000000000000000     0x159f
 .debug_str     0x0000000000000000      0x2c5 build/main.o
                                        0x30f (size before relaxing)
 .debug_str     0x00000000000002c5      0x383 build/systick.o
                                        0x532 (size before relaxing)
 .debug_str     0x0000000000000648       0xa2 build/gd32e23x_it.o
                                        0x20c (size before relaxing)
 .debug_str     0x00000000000006ea      0x2b2 build/gd32e23x_gpio.o
                                        0x48d (size before relaxing)
 .debug_str     0x000000000000099c      0x157 build/gd32e23x_misc.o
                                        0x589 (size before relaxing)
 .debug_str     0x0000000000000af3      0x9da build/gd32e23x_rcu.o
                                        0xded (size before relaxing)
 .debug_str     0x00000000000014cd       0x85 build/system_gd32e23x.o
                                        0x300 (size before relaxing)
 .debug_str     0x0000000000001552       0x4d build/startup_gd32e23x.o
                                         0x8e (size before relaxing)

.comment        0x0000000000000000       0x49
 .comment       0x0000000000000000       0x49 build/main.o
                                         0x4a (size before relaxing)
 .comment       0x0000000000000049       0x4a build/systick.o
 .comment       0x0000000000000049       0x4a build/gd32e23x_it.o
 .comment       0x0000000000000049       0x4a build/gd32e23x_gpio.o
 .comment       0x0000000000000049       0x4a build/gd32e23x_misc.o
 .comment       0x0000000000000049       0x4a build/gd32e23x_rcu.o
 .comment       0x0000000000000049       0x4a build/system_gd32e23x.o

.debug_frame    0x0000000000000000      0x620
 .debug_frame   0x0000000000000000       0x28 build/main.o
 .debug_frame   0x0000000000000028       0x40 build/systick.o
 .debug_frame   0x0000000000000068       0xa8 build/gd32e23x_it.o
 .debug_frame   0x0000000000000110      0x138 build/gd32e23x_gpio.o
 .debug_frame   0x0000000000000248       0x94 build/gd32e23x_misc.o
 .debug_frame   0x00000000000002dc      0x2ac build/gd32e23x_rcu.o
 .debug_frame   0x0000000000000588       0x6c build/system_gd32e23x.o
 .debug_frame   0x00000000000005f4       0x2c /Users/jgiles/projects/gcc-arm-none-eabi-10.3-2021.07/bin/../lib/gcc/arm-none-eabi/10.3.1/../../../../arm-none-eabi/lib/thumb/v8-m.base/nofp/libc_nano.a(lib_a-init.o)

Cross Reference Table

Symbol                                            File
ADC_CMP_IRQHandler                                build/startup_gd32e23x.o
BusFault_Handler                                  build/gd32e23x_it.o
DMA_Channel0_IRQHandler                           build/startup_gd32e23x.o
DMA_Channel1_2_IRQHandler                         build/startup_gd32e23x.o
DMA_Channel3_4_IRQHandler                         build/startup_gd32e23x.o
DebugMon_Handler                                  build/gd32e23x_it.o
Default_Handler                                   build/startup_gd32e23x.o
EXTI0_1_IRQHandler                                build/startup_gd32e23x.o
EXTI2_3_IRQHandler                                build/startup_gd32e23x.o
EXTI4_15_IRQHandler                               build/startup_gd32e23x.o
FMC_IRQHandler                                    build/startup_gd32e23x.o
HardFault_Handler                                 build/gd32e23x_it.o
I2C0_ER_IRQHandler                                build/startup_gd32e23x.o
I2C0_EV_IRQHandler                                build/startup_gd32e23x.o
I2C1_ER_IRQHandler                                build/startup_gd32e23x.o
I2C1_EV_IRQHandler                                build/startup_gd32e23x.o
LVD_IRQHandler                                    build/startup_gd32e23x.o
MemManage_Handler                                 build/gd32e23x_it.o
NMI_Handler                                       build/gd32e23x_it.o
PendSV_Handler                                    build/gd32e23x_it.o
RCU_IRQHandler                                    build/startup_gd32e23x.o
RTC_IRQHandler                                    build/startup_gd32e23x.o
Reset_Handler                                     build/startup_gd32e23x.o
SPI0_IRQHandler                                   build/startup_gd32e23x.o
SPI1_IRQHandler                                   build/startup_gd32e23x.o
SVC_Handler                                       build/gd32e23x_it.o
SysTick_Handler                                   build/gd32e23x_it.o
SystemCoreClock                                   build/system_gd32e23x.o
                                                  build/systick.o
SystemCoreClockUpdate                             build/system_gd32e23x.o
SystemInit                                        build/system_gd32e23x.o
                                                  build/startup_gd32e23x.o
TIMER0_BRK_UP_TRG_COM_IRQHandler                  build/startup_gd32e23x.o
TIMER0_Channel_IRQHandler                         build/startup_gd32e23x.o
TIMER13_IRQHandler                                build/startup_gd32e23x.o
TIMER14_IRQHandler                                build/startup_gd32e23x.o
TIMER15_IRQHandler                                build/startup_gd32e23x.o
TIMER16_IRQHandler                                build/startup_gd32e23x.o
TIMER2_IRQHandler                                 build/startup_gd32e23x.o
TIMER5_IRQHandler                                 build/startup_gd32e23x.o
USART0_IRQHandler                                 build/startup_gd32e23x.o
USART1_IRQHandler                                 build/startup_gd32e23x.o
UsageFault_Handler                                build/gd32e23x_it.o
WWDGT_IRQHandler                                  build/startup_gd32e23x.o
__bss_end__                                       /Users/jgiles/projects/gcc-arm-none-eabi-10.3-2021.07/bin/../lib/gcc/arm-none-eabi/10.3.1/../../../../arm-none-eabi/lib/thumb/v8-m.base/nofp/crt0.o
__bss_start__                                     /Users/jgiles/projects/gcc-arm-none-eabi-10.3-2021.07/bin/../lib/gcc/arm-none-eabi/10.3.1/../../../../arm-none-eabi/lib/thumb/v8-m.base/nofp/crt0.o
__call_exitprocs                                  /Users/jgiles/projects/gcc-arm-none-eabi-10.3-2021.07/bin/../lib/gcc/arm-none-eabi/10.3.1/../../../../arm-none-eabi/lib/thumb/v8-m.base/nofp/libc_nano.a(lib_a-exit.o)
__deregister_frame_info                           /Users/jgiles/projects/gcc-arm-none-eabi-10.3-2021.07/bin/../lib/gcc/arm-none-eabi/10.3.1/thumb/v8-m.base/nofp/crtbegin.o
__dso_handle                                      /Users/jgiles/projects/gcc-arm-none-eabi-10.3-2021.07/bin/../lib/gcc/arm-none-eabi/10.3.1/thumb/v8-m.base/nofp/crtbegin.o
__init_array_end                                  /Users/jgiles/projects/gcc-arm-none-eabi-10.3-2021.07/bin/../lib/gcc/arm-none-eabi/10.3.1/../../../../arm-none-eabi/lib/thumb/v8-m.base/nofp/libc_nano.a(lib_a-init.o)
__init_array_start                                /Users/jgiles/projects/gcc-arm-none-eabi-10.3-2021.07/bin/../lib/gcc/arm-none-eabi/10.3.1/../../../../arm-none-eabi/lib/thumb/v8-m.base/nofp/libc_nano.a(lib_a-init.o)
__libc_fini_array                                 /Users/jgiles/projects/gcc-arm-none-eabi-10.3-2021.07/bin/../lib/gcc/arm-none-eabi/10.3.1/../../../../arm-none-eabi/lib/thumb/v8-m.base/nofp/crt0.o
__libc_init_array                                 /Users/jgiles/projects/gcc-arm-none-eabi-10.3-2021.07/bin/../lib/gcc/arm-none-eabi/10.3.1/../../../../arm-none-eabi/lib/thumb/v8-m.base/nofp/libc_nano.a(lib_a-init.o)
                                                  build/startup_gd32e23x.o
                                                  /Users/jgiles/projects/gcc-arm-none-eabi-10.3-2021.07/bin/../lib/gcc/arm-none-eabi/10.3.1/../../../../arm-none-eabi/lib/thumb/v8-m.base/nofp/crt0.o
__preinit_array_end                               /Users/jgiles/projects/gcc-arm-none-eabi-10.3-2021.07/bin/../lib/gcc/arm-none-eabi/10.3.1/../../../../arm-none-eabi/lib/thumb/v8-m.base/nofp/libc_nano.a(lib_a-init.o)
__preinit_array_start                             /Users/jgiles/projects/gcc-arm-none-eabi-10.3-2021.07/bin/../lib/gcc/arm-none-eabi/10.3.1/../../../../arm-none-eabi/lib/thumb/v8-m.base/nofp/libc_nano.a(lib_a-init.o)
__register_frame_info                             /Users/jgiles/projects/gcc-arm-none-eabi-10.3-2021.07/bin/../lib/gcc/arm-none-eabi/10.3.1/thumb/v8-m.base/nofp/crtbegin.o
__sf_fake_stderr                                  /Users/jgiles/projects/gcc-arm-none-eabi-10.3-2021.07/bin/../lib/gcc/arm-none-eabi/10.3.1/../../../../arm-none-eabi/lib/thumb/v8-m.base/nofp/libc_nano.a(lib_a-impure.o)
__sf_fake_stdin                                   /Users/jgiles/projects/gcc-arm-none-eabi-10.3-2021.07/bin/../lib/gcc/arm-none-eabi/10.3.1/../../../../arm-none-eabi/lib/thumb/v8-m.base/nofp/libc_nano.a(lib_a-impure.o)
__sf_fake_stdout                                  /Users/jgiles/projects/gcc-arm-none-eabi-10.3-2021.07/bin/../lib/gcc/arm-none-eabi/10.3.1/../../../../arm-none-eabi/lib/thumb/v8-m.base/nofp/libc_nano.a(lib_a-impure.o)
__stack                                           /Users/jgiles/projects/gcc-arm-none-eabi-10.3-2021.07/bin/../lib/gcc/arm-none-eabi/10.3.1/../../../../arm-none-eabi/lib/thumb/v8-m.base/nofp/crt0.o
_ebss                                             build/startup_gd32e23x.o
_edata                                            build/startup_gd32e23x.o
_estack                                           build/startup_gd32e23x.o
_exit                                             /Users/jgiles/projects/gcc-arm-none-eabi-10.3-2021.07/bin/../lib/gcc/arm-none-eabi/10.3.1/../../../../arm-none-eabi/lib/thumb/v8-m.base/nofp/libnosys.a(_exit.o)
                                                  /Users/jgiles/projects/gcc-arm-none-eabi-10.3-2021.07/bin/../lib/gcc/arm-none-eabi/10.3.1/../../../../arm-none-eabi/lib/thumb/v8-m.base/nofp/libc_nano.a(lib_a-exit.o)
_fini                                             /Users/jgiles/projects/gcc-arm-none-eabi-10.3-2021.07/bin/../lib/gcc/arm-none-eabi/10.3.1/thumb/v8-m.base/nofp/crti.o
_global_impure_ptr                                /Users/jgiles/projects/gcc-arm-none-eabi-10.3-2021.07/bin/../lib/gcc/arm-none-eabi/10.3.1/../../../../arm-none-eabi/lib/thumb/v8-m.base/nofp/libc_nano.a(lib_a-impure.o)
                                                  /Users/jgiles/projects/gcc-arm-none-eabi-10.3-2021.07/bin/../lib/gcc/arm-none-eabi/10.3.1/../../../../arm-none-eabi/lib/thumb/v8-m.base/nofp/libc_nano.a(lib_a-exit.o)
_impure_ptr                                       /Users/jgiles/projects/gcc-arm-none-eabi-10.3-2021.07/bin/../lib/gcc/arm-none-eabi/10.3.1/../../../../arm-none-eabi/lib/thumb/v8-m.base/nofp/libc_nano.a(lib_a-impure.o)
_init                                             /Users/jgiles/projects/gcc-arm-none-eabi-10.3-2021.07/bin/../lib/gcc/arm-none-eabi/10.3.1/thumb/v8-m.base/nofp/crti.o
                                                  /Users/jgiles/projects/gcc-arm-none-eabi-10.3-2021.07/bin/../lib/gcc/arm-none-eabi/10.3.1/../../../../arm-none-eabi/lib/thumb/v8-m.base/nofp/libc_nano.a(lib_a-init.o)
_mainCRTStartup                                   /Users/jgiles/projects/gcc-arm-none-eabi-10.3-2021.07/bin/../lib/gcc/arm-none-eabi/10.3.1/../../../../arm-none-eabi/lib/thumb/v8-m.base/nofp/crt0.o
_sbss                                             build/startup_gd32e23x.o
_sdata                                            build/startup_gd32e23x.o
_sidata                                           build/startup_gd32e23x.o
_stack_init                                       /Users/jgiles/projects/gcc-arm-none-eabi-10.3-2021.07/bin/../lib/gcc/arm-none-eabi/10.3.1/../../../../arm-none-eabi/lib/thumb/v8-m.base/nofp/crt0.o
_start                                            /Users/jgiles/projects/gcc-arm-none-eabi-10.3-2021.07/bin/../lib/gcc/arm-none-eabi/10.3.1/../../../../arm-none-eabi/lib/thumb/v8-m.base/nofp/crt0.o
adc_calibration_enable                            build/gd32e23x_adc.o
adc_channel_length_config                         build/gd32e23x_adc.o
adc_data_alignment_config                         build/gd32e23x_adc.o
adc_deinit                                        build/gd32e23x_adc.o
adc_disable                                       build/gd32e23x_adc.o
adc_discontinuous_mode_config                     build/gd32e23x_adc.o
adc_dma_mode_disable                              build/gd32e23x_adc.o
adc_dma_mode_enable                               build/gd32e23x_adc.o
adc_enable                                        build/gd32e23x_adc.o
adc_external_trigger_config                       build/gd32e23x_adc.o
adc_external_trigger_source_config                build/gd32e23x_adc.o
adc_flag_clear                                    build/gd32e23x_adc.o
adc_flag_get                                      build/gd32e23x_adc.o
adc_inserted_channel_config                       build/gd32e23x_adc.o
adc_inserted_channel_offset_config                build/gd32e23x_adc.o
adc_inserted_data_read                            build/gd32e23x_adc.o
adc_interrupt_disable                             build/gd32e23x_adc.o
adc_interrupt_enable                              build/gd32e23x_adc.o
adc_interrupt_flag_clear                          build/gd32e23x_adc.o
adc_interrupt_flag_get                            build/gd32e23x_adc.o
adc_oversample_mode_config                        build/gd32e23x_adc.o
adc_oversample_mode_disable                       build/gd32e23x_adc.o
adc_oversample_mode_enable                        build/gd32e23x_adc.o
adc_regular_channel_config                        build/gd32e23x_adc.o
adc_regular_data_read                             build/gd32e23x_adc.o
adc_resolution_config                             build/gd32e23x_adc.o
adc_software_trigger_enable                       build/gd32e23x_adc.o
adc_special_function_config                       build/gd32e23x_adc.o
adc_tempsensor_vrefint_disable                    build/gd32e23x_adc.o
adc_tempsensor_vrefint_enable                     build/gd32e23x_adc.o
adc_watchdog_disable                              build/gd32e23x_adc.o
adc_watchdog_group_channel_enable                 build/gd32e23x_adc.o
adc_watchdog_single_channel_enable                build/gd32e23x_adc.o
adc_watchdog_threshold_config                     build/gd32e23x_adc.o
atexit                                            /Users/jgiles/projects/gcc-arm-none-eabi-10.3-2021.07/bin/../lib/gcc/arm-none-eabi/10.3.1/../../../../arm-none-eabi/lib/thumb/v8-m.base/nofp/crt0.o
cmp_deinit                                        build/gd32e23x_cmp.o
cmp_disable                                       build/gd32e23x_cmp.o
cmp_enable                                        build/gd32e23x_cmp.o
cmp_lock_enable                                   build/gd32e23x_cmp.o
cmp_mode_init                                     build/gd32e23x_cmp.o
cmp_output_init                                   build/gd32e23x_cmp.o
cmp_output_level_get                              build/gd32e23x_cmp.o
cmp_switch_disable                                build/gd32e23x_cmp.o
cmp_switch_enable                                 build/gd32e23x_cmp.o
crc_block_data_calculate                          build/gd32e23x_crc.o
crc_data_register_read                            build/gd32e23x_crc.o
crc_data_register_reset                           build/gd32e23x_crc.o
crc_deinit                                        build/gd32e23x_crc.o
crc_free_data_register_read                       build/gd32e23x_crc.o
crc_free_data_register_write                      build/gd32e23x_crc.o
crc_init_data_register_write                      build/gd32e23x_crc.o
crc_input_data_reverse_config                     build/gd32e23x_crc.o
crc_polynomial_set                                build/gd32e23x_crc.o
crc_polynomial_size_set                           build/gd32e23x_crc.o
crc_reverse_output_data_disable                   build/gd32e23x_crc.o
crc_reverse_output_data_enable                    build/gd32e23x_crc.o
crc_single_data_calculate                         build/gd32e23x_crc.o
dbg_deinit                                        build/gd32e23x_dbg.o
dbg_id_get                                        build/gd32e23x_dbg.o
dbg_low_power_disable                             build/gd32e23x_dbg.o
dbg_low_power_enable                              build/gd32e23x_dbg.o
dbg_periph_disable                                build/gd32e23x_dbg.o
dbg_periph_enable                                 build/gd32e23x_dbg.o
delay_1ms                                         build/systick.o
                                                  build/main.o
delay_decrement                                   build/systick.o
                                                  build/gd32e23x_it.o
dma_channel_disable                               build/gd32e23x_dma.o
dma_channel_enable                                build/gd32e23x_dma.o
dma_circulation_disable                           build/gd32e23x_dma.o
dma_circulation_enable                            build/gd32e23x_dma.o
dma_deinit                                        build/gd32e23x_dma.o
dma_flag_clear                                    build/gd32e23x_dma.o
dma_flag_get                                      build/gd32e23x_dma.o
dma_init                                          build/gd32e23x_dma.o
dma_interrupt_disable                             build/gd32e23x_dma.o
dma_interrupt_enable                              build/gd32e23x_dma.o
dma_interrupt_flag_clear                          build/gd32e23x_dma.o
dma_interrupt_flag_get                            build/gd32e23x_dma.o
dma_memory_address_config                         build/gd32e23x_dma.o
dma_memory_increase_disable                       build/gd32e23x_dma.o
dma_memory_increase_enable                        build/gd32e23x_dma.o
dma_memory_to_memory_disable                      build/gd32e23x_dma.o
dma_memory_to_memory_enable                       build/gd32e23x_dma.o
dma_memory_width_config                           build/gd32e23x_dma.o
dma_periph_address_config                         build/gd32e23x_dma.o
dma_periph_increase_disable                       build/gd32e23x_dma.o
dma_periph_increase_enable                        build/gd32e23x_dma.o
dma_periph_width_config                           build/gd32e23x_dma.o
dma_priority_config                               build/gd32e23x_dma.o
dma_struct_para_init                              build/gd32e23x_dma.o
dma_transfer_direction_config                     build/gd32e23x_dma.o
dma_transfer_number_config                        build/gd32e23x_dma.o
dma_transfer_number_get                           build/gd32e23x_dma.o
exit                                              /Users/jgiles/projects/gcc-arm-none-eabi-10.3-2021.07/bin/../lib/gcc/arm-none-eabi/10.3.1/../../../../arm-none-eabi/lib/thumb/v8-m.base/nofp/libc_nano.a(lib_a-exit.o)
                                                  /Users/jgiles/projects/gcc-arm-none-eabi-10.3-2021.07/bin/../lib/gcc/arm-none-eabi/10.3.1/../../../../arm-none-eabi/lib/thumb/v8-m.base/nofp/crt0.o
exti_deinit                                       build/gd32e23x_exti.o
exti_event_disable                                build/gd32e23x_exti.o
exti_event_enable                                 build/gd32e23x_exti.o
exti_flag_clear                                   build/gd32e23x_exti.o
exti_flag_get                                     build/gd32e23x_exti.o
exti_init                                         build/gd32e23x_exti.o
exti_interrupt_disable                            build/gd32e23x_exti.o
exti_interrupt_enable                             build/gd32e23x_exti.o
exti_interrupt_flag_clear                         build/gd32e23x_exti.o
exti_interrupt_flag_get                           build/gd32e23x_exti.o
exti_software_interrupt_disable                   build/gd32e23x_exti.o
exti_software_interrupt_enable                    build/gd32e23x_exti.o
fmc_doubleword_program                            build/gd32e23x_fmc.o
fmc_flag_clear                                    build/gd32e23x_fmc.o
fmc_flag_get                                      build/gd32e23x_fmc.o
fmc_interrupt_disable                             build/gd32e23x_fmc.o
fmc_interrupt_enable                              build/gd32e23x_fmc.o
fmc_interrupt_flag_clear                          build/gd32e23x_fmc.o
fmc_interrupt_flag_get                            build/gd32e23x_fmc.o
fmc_lock                                          build/gd32e23x_fmc.o
fmc_mass_erase                                    build/gd32e23x_fmc.o
fmc_page_erase                                    build/gd32e23x_fmc.o
fmc_prefetch_disable                              build/gd32e23x_fmc.o
fmc_prefetch_enable                               build/gd32e23x_fmc.o
fmc_ready_wait                                    build/gd32e23x_fmc.o
fmc_state_get                                     build/gd32e23x_fmc.o
fmc_unlock                                        build/gd32e23x_fmc.o
fmc_word_program                                  build/gd32e23x_fmc.o
fmc_wscnt_set                                     build/gd32e23x_fmc.o
fwdgt_config                                      build/gd32e23x_fwdgt.o
fwdgt_counter_reload                              build/gd32e23x_fwdgt.o
fwdgt_enable                                      build/gd32e23x_fwdgt.o
fwdgt_flag_get                                    build/gd32e23x_fwdgt.o
fwdgt_prescaler_value_config                      build/gd32e23x_fwdgt.o
fwdgt_reload_value_config                         build/gd32e23x_fwdgt.o
fwdgt_window_value_config                         build/gd32e23x_fwdgt.o
fwdgt_write_disable                               build/gd32e23x_fwdgt.o
fwdgt_write_enable                                build/gd32e23x_fwdgt.o
g_pfnVectors                                      build/startup_gd32e23x.o
gpio_af_set                                       build/gd32e23x_gpio.o
gpio_bit_reset                                    build/gd32e23x_gpio.o
                                                  build/main.o
gpio_bit_set                                      build/gd32e23x_gpio.o
                                                  build/main.o
gpio_bit_toggle                                   build/gd32e23x_gpio.o
gpio_bit_write                                    build/gd32e23x_gpio.o
gpio_deinit                                       build/gd32e23x_gpio.o
gpio_input_bit_get                                build/gd32e23x_gpio.o
gpio_input_port_get                               build/gd32e23x_gpio.o
gpio_mode_set                                     build/gd32e23x_gpio.o
                                                  build/main.o
gpio_output_bit_get                               build/gd32e23x_gpio.o
gpio_output_options_set                           build/gd32e23x_gpio.o
                                                  build/main.o
gpio_output_port_get                              build/gd32e23x_gpio.o
gpio_pin_lock                                     build/gd32e23x_gpio.o
gpio_port_toggle                                  build/gd32e23x_gpio.o
gpio_port_write                                   build/gd32e23x_gpio.o
hardware_init_hook                                /Users/jgiles/projects/gcc-arm-none-eabi-10.3-2021.07/bin/../lib/gcc/arm-none-eabi/10.3.1/../../../../arm-none-eabi/lib/thumb/v8-m.base/nofp/crt0.o
i2c_ack_config                                    build/gd32e23x_i2c.o
i2c_ackpos_config                                 build/gd32e23x_i2c.o
i2c_clock_config                                  build/gd32e23x_i2c.o
i2c_data_receive                                  build/gd32e23x_i2c.o
i2c_data_transmit                                 build/gd32e23x_i2c.o
i2c_deinit                                        build/gd32e23x_i2c.o
i2c_disable                                       build/gd32e23x_i2c.o
i2c_dma_enable                                    build/gd32e23x_i2c.o
i2c_dma_last_transfer_config                      build/gd32e23x_i2c.o
i2c_dualaddr_disable                              build/gd32e23x_i2c.o
i2c_dualaddr_enable                               build/gd32e23x_i2c.o
i2c_enable                                        build/gd32e23x_i2c.o
i2c_flag_clear                                    build/gd32e23x_i2c.o
i2c_flag_get                                      build/gd32e23x_i2c.o
i2c_interrupt_disable                             build/gd32e23x_i2c.o
i2c_interrupt_enable                              build/gd32e23x_i2c.o
i2c_interrupt_flag_clear                          build/gd32e23x_i2c.o
i2c_interrupt_flag_get                            build/gd32e23x_i2c.o
i2c_master_addressing                             build/gd32e23x_i2c.o
i2c_mode_addr_config                              build/gd32e23x_i2c.o
i2c_pec_enable                                    build/gd32e23x_i2c.o
i2c_pec_transfer_enable                           build/gd32e23x_i2c.o
i2c_pec_value_get                                 build/gd32e23x_i2c.o
i2c_sam_disable                                   build/gd32e23x_i2c.o
i2c_sam_enable                                    build/gd32e23x_i2c.o
i2c_sam_timeout_disable                           build/gd32e23x_i2c.o
i2c_sam_timeout_enable                            build/gd32e23x_i2c.o
i2c_slave_response_to_gcall_config                build/gd32e23x_i2c.o
i2c_smbus_arp_enable                              build/gd32e23x_i2c.o
i2c_smbus_issue_alert                             build/gd32e23x_i2c.o
i2c_smbus_type_config                             build/gd32e23x_i2c.o
i2c_software_reset_config                         build/gd32e23x_i2c.o
i2c_start_on_bus                                  build/gd32e23x_i2c.o
i2c_stop_on_bus                                   build/gd32e23x_i2c.o
i2c_stretch_scl_low_config                        build/gd32e23x_i2c.o
i2s_disable                                       build/gd32e23x_spi.o
i2s_enable                                        build/gd32e23x_spi.o
i2s_init                                          build/gd32e23x_spi.o
i2s_psc_config                                    build/gd32e23x_spi.o
irq_latency_set                                   build/gd32e23x_syscfg.o
main                                              build/main.o
                                                  build/startup_gd32e23x.o
                                                  /Users/jgiles/projects/gcc-arm-none-eabi-10.3-2021.07/bin/../lib/gcc/arm-none-eabi/10.3.1/../../../../arm-none-eabi/lib/thumb/v8-m.base/nofp/crt0.o
memset                                            /Users/jgiles/projects/gcc-arm-none-eabi-10.3-2021.07/bin/../lib/gcc/arm-none-eabi/10.3.1/../../../../arm-none-eabi/lib/thumb/v8-m.base/nofp/libc_nano.a(lib_a-memset.o)
                                                  /Users/jgiles/projects/gcc-arm-none-eabi-10.3-2021.07/bin/../lib/gcc/arm-none-eabi/10.3.1/../../../../arm-none-eabi/lib/thumb/v8-m.base/nofp/crt0.o
nvic_irq_disable                                  build/gd32e23x_misc.o
nvic_irq_enable                                   build/gd32e23x_misc.o
nvic_system_reset                                 build/gd32e23x_misc.o
nvic_vector_table_set                             build/gd32e23x_misc.o
                                                  build/system_gd32e23x.o
ob_data_get                                       build/gd32e23x_fmc.o
ob_data_program                                   build/gd32e23x_fmc.o
ob_erase                                          build/gd32e23x_fmc.o
ob_lock                                           build/gd32e23x_fmc.o
ob_obstat_plevel_get                              build/gd32e23x_fmc.o
ob_reset                                          build/gd32e23x_fmc.o
ob_security_protection_config                     build/gd32e23x_fmc.o
ob_unlock                                         build/gd32e23x_fmc.o
ob_user_get                                       build/gd32e23x_fmc.o
ob_user_write                                     build/gd32e23x_fmc.o
ob_write_protection_enable                        build/gd32e23x_fmc.o
ob_write_protection_get                           build/gd32e23x_fmc.o
option_byte_value_get                             build/gd32e23x_fmc.o
pmu_backup_write_disable                          build/gd32e23x_pmu.o
pmu_backup_write_enable                           build/gd32e23x_pmu.o
pmu_deinit                                        build/gd32e23x_pmu.o
pmu_flag_clear                                    build/gd32e23x_pmu.o
pmu_flag_get                                      build/gd32e23x_pmu.o
pmu_ldo_output_select                             build/gd32e23x_pmu.o
pmu_lvd_disable                                   build/gd32e23x_pmu.o
pmu_lvd_select                                    build/gd32e23x_pmu.o
pmu_to_deepsleepmode                              build/gd32e23x_pmu.o
pmu_to_sleepmode                                  build/gd32e23x_pmu.o
pmu_to_standbymode                                build/gd32e23x_pmu.o
pmu_wakeup_pin_disable                            build/gd32e23x_pmu.o
pmu_wakeup_pin_enable                             build/gd32e23x_pmu.o
qspi_disable                                      build/gd32e23x_spi.o
qspi_enable                                       build/gd32e23x_spi.o
qspi_io23_output_disable                          build/gd32e23x_spi.o
qspi_io23_output_enable                           build/gd32e23x_spi.o
qspi_read_enable                                  build/gd32e23x_spi.o
qspi_write_enable                                 build/gd32e23x_spi.o
rcu_adc_clock_config                              build/gd32e23x_rcu.o
rcu_ahb_clock_config                              build/gd32e23x_rcu.o
rcu_all_reset_flag_clear                          build/gd32e23x_rcu.o
rcu_apb1_clock_config                             build/gd32e23x_rcu.o
rcu_apb2_clock_config                             build/gd32e23x_rcu.o
rcu_bkp_reset_disable                             build/gd32e23x_rcu.o
rcu_bkp_reset_enable                              build/gd32e23x_rcu.o
rcu_ckout_config                                  build/gd32e23x_rcu.o
rcu_clock_freq_get                                build/gd32e23x_rcu.o
                                                  build/gd32e23x_usart.o
                                                  build/gd32e23x_spi.o
                                                  build/gd32e23x_i2c.o
rcu_deepsleep_voltage_set                         build/gd32e23x_rcu.o
rcu_deinit                                        build/gd32e23x_rcu.o
rcu_flag_get                                      build/gd32e23x_rcu.o
rcu_hxtal_clock_monitor_disable                   build/gd32e23x_rcu.o
rcu_hxtal_clock_monitor_enable                    build/gd32e23x_rcu.o
rcu_hxtal_prediv_config                           build/gd32e23x_rcu.o
rcu_interrupt_disable                             build/gd32e23x_rcu.o
rcu_interrupt_enable                              build/gd32e23x_rcu.o
rcu_interrupt_flag_clear                          build/gd32e23x_rcu.o
rcu_interrupt_flag_get                            build/gd32e23x_rcu.o
rcu_irc28m_adjust_value_set                       build/gd32e23x_rcu.o
rcu_irc8m_adjust_value_set                        build/gd32e23x_rcu.o
rcu_lxtal_drive_capability_config                 build/gd32e23x_rcu.o
rcu_osci_bypass_mode_disable                      build/gd32e23x_rcu.o
rcu_osci_bypass_mode_enable                       build/gd32e23x_rcu.o
rcu_osci_off                                      build/gd32e23x_rcu.o
rcu_osci_on                                       build/gd32e23x_rcu.o
rcu_osci_stab_wait                                build/gd32e23x_rcu.o
rcu_periph_clock_disable                          build/gd32e23x_rcu.o
rcu_periph_clock_enable                           build/gd32e23x_rcu.o
                                                  build/main.o
rcu_periph_clock_sleep_disable                    build/gd32e23x_rcu.o
rcu_periph_clock_sleep_enable                     build/gd32e23x_rcu.o
rcu_periph_reset_disable                          build/gd32e23x_rcu.o
                                                  build/gd32e23x_wwdgt.o
                                                  build/gd32e23x_usart.o
                                                  build/gd32e23x_timer.o
                                                  build/gd32e23x_syscfg.o
                                                  build/gd32e23x_spi.o
                                                  build/gd32e23x_pmu.o
                                                  build/gd32e23x_i2c.o
                                                  build/gd32e23x_gpio.o
                                                  build/gd32e23x_adc.o
rcu_periph_reset_enable                           build/gd32e23x_rcu.o
                                                  build/gd32e23x_wwdgt.o
                                                  build/gd32e23x_usart.o
                                                  build/gd32e23x_timer.o
                                                  build/gd32e23x_syscfg.o
                                                  build/gd32e23x_spi.o
                                                  build/gd32e23x_pmu.o
                                                  build/gd32e23x_i2c.o
                                                  build/gd32e23x_gpio.o
                                                  build/gd32e23x_adc.o
rcu_pll_config                                    build/gd32e23x_rcu.o
rcu_rtc_clock_config                              build/gd32e23x_rcu.o
rcu_system_clock_source_config                    build/gd32e23x_rcu.o
rcu_system_clock_source_get                       build/gd32e23x_rcu.o
rcu_usart_clock_config                            build/gd32e23x_rcu.o
rcu_voltage_key_unlock                            build/gd32e23x_rcu.o
rtc_alarm_config                                  build/gd32e23x_rtc.o
rtc_alarm_disable                                 build/gd32e23x_rtc.o
rtc_alarm_enable                                  build/gd32e23x_rtc.o
rtc_alarm_get                                     build/gd32e23x_rtc.o
rtc_alarm_subsecond_config                        build/gd32e23x_rtc.o
rtc_alarm_subsecond_get                           build/gd32e23x_rtc.o
rtc_alter_output_config                           build/gd32e23x_rtc.o
rtc_bypass_shadow_disable                         build/gd32e23x_rtc.o
rtc_bypass_shadow_enable                          build/gd32e23x_rtc.o
rtc_calibration_config                            build/gd32e23x_rtc.o
rtc_current_time_get                              build/gd32e23x_rtc.o
rtc_deinit                                        build/gd32e23x_rtc.o
rtc_flag_clear                                    build/gd32e23x_rtc.o
rtc_flag_get                                      build/gd32e23x_rtc.o
rtc_hour_adjust                                   build/gd32e23x_rtc.o
rtc_init                                          build/gd32e23x_rtc.o
rtc_init_mode_enter                               build/gd32e23x_rtc.o
rtc_init_mode_exit                                build/gd32e23x_rtc.o
rtc_interrupt_disable                             build/gd32e23x_rtc.o
rtc_interrupt_enable                              build/gd32e23x_rtc.o
rtc_refclock_detection_disable                    build/gd32e23x_rtc.o
rtc_refclock_detection_enable                     build/gd32e23x_rtc.o
rtc_register_sync_wait                            build/gd32e23x_rtc.o
rtc_second_adjust                                 build/gd32e23x_rtc.o
rtc_subsecond_get                                 build/gd32e23x_rtc.o
rtc_tamper_disable                                build/gd32e23x_rtc.o
rtc_tamper_enable                                 build/gd32e23x_rtc.o
rtc_timestamp_disable                             build/gd32e23x_rtc.o
rtc_timestamp_enable                              build/gd32e23x_rtc.o
rtc_timestamp_get                                 build/gd32e23x_rtc.o
rtc_timestamp_subsecond_get                       build/gd32e23x_rtc.o
software_init_hook                                /Users/jgiles/projects/gcc-arm-none-eabi-10.3-2021.07/bin/../lib/gcc/arm-none-eabi/10.3.1/../../../../arm-none-eabi/lib/thumb/v8-m.base/nofp/crt0.o
spi_bidirectional_transfer_config                 build/gd32e23x_spi.o
spi_crc_error_clear                               build/gd32e23x_spi.o
spi_crc_get                                       build/gd32e23x_spi.o
spi_crc_length_set                                build/gd32e23x_spi.o
spi_crc_next                                      build/gd32e23x_spi.o
spi_crc_off                                       build/gd32e23x_spi.o
spi_crc_on                                        build/gd32e23x_spi.o
spi_crc_polynomial_get                            build/gd32e23x_spi.o
spi_crc_polynomial_set                            build/gd32e23x_spi.o
spi_disable                                       build/gd32e23x_spi.o
spi_dma_disable                                   build/gd32e23x_spi.o
spi_dma_enable                                    build/gd32e23x_spi.o
spi_enable                                        build/gd32e23x_spi.o
spi_fifo_access_size_config                       build/gd32e23x_spi.o
spi_i2s_data_frame_format_config                  build/gd32e23x_spi.o
spi_i2s_data_receive                              build/gd32e23x_spi.o
spi_i2s_data_transmit                             build/gd32e23x_spi.o
spi_i2s_deinit                                    build/gd32e23x_spi.o
spi_i2s_flag_get                                  build/gd32e23x_spi.o
spi_i2s_interrupt_disable                         build/gd32e23x_spi.o
spi_i2s_interrupt_enable                          build/gd32e23x_spi.o
spi_i2s_interrupt_flag_get                        build/gd32e23x_spi.o
spi_init                                          build/gd32e23x_spi.o
spi_nss_internal_high                             build/gd32e23x_spi.o
spi_nss_internal_low                              build/gd32e23x_spi.o
spi_nss_output_disable                            build/gd32e23x_spi.o
spi_nss_output_enable                             build/gd32e23x_spi.o
spi_nssp_mode_disable                             build/gd32e23x_spi.o
spi_nssp_mode_enable                              build/gd32e23x_spi.o
spi_receive_odd_config                            build/gd32e23x_spi.o
spi_struct_para_init                              build/gd32e23x_spi.o
spi_ti_mode_disable                               build/gd32e23x_spi.o
spi_ti_mode_enable                                build/gd32e23x_spi.o
spi_transmit_odd_config                           build/gd32e23x_spi.o
syscfg_deinit                                     build/gd32e23x_syscfg.o
syscfg_dma_remap_disable                          build/gd32e23x_syscfg.o
syscfg_dma_remap_enable                           build/gd32e23x_syscfg.o
syscfg_exti_line_config                           build/gd32e23x_syscfg.o
syscfg_flag_clear                                 build/gd32e23x_syscfg.o
syscfg_flag_get                                   build/gd32e23x_syscfg.o
syscfg_high_current_disable                       build/gd32e23x_syscfg.o
syscfg_high_current_enable                        build/gd32e23x_syscfg.o
syscfg_lock_config                                build/gd32e23x_syscfg.o
system_lowpower_reset                             build/gd32e23x_misc.o
system_lowpower_set                               build/gd32e23x_misc.o
systick_clksource_set                             build/gd32e23x_misc.o
systick_config                                    build/systick.o
                                                  build/main.o
timer_auto_reload_shadow_disable                  build/gd32e23x_timer.o
timer_auto_reload_shadow_enable                   build/gd32e23x_timer.o
timer_automatic_output_disable                    build/gd32e23x_timer.o
timer_automatic_output_enable                     build/gd32e23x_timer.o
timer_autoreload_value_config                     build/gd32e23x_timer.o
timer_break_config                                build/gd32e23x_timer.o
timer_break_disable                               build/gd32e23x_timer.o
timer_break_enable                                build/gd32e23x_timer.o
timer_break_struct_para_init                      build/gd32e23x_timer.o
timer_channel_capture_value_register_read         build/gd32e23x_timer.o
timer_channel_complementary_output_polarity_config build/gd32e23x_timer.o
timer_channel_complementary_output_state_config   build/gd32e23x_timer.o
timer_channel_control_shadow_config               build/gd32e23x_timer.o
timer_channel_control_shadow_update_config        build/gd32e23x_timer.o
timer_channel_dma_request_source_select           build/gd32e23x_timer.o
timer_channel_input_capture_prescaler_config      build/gd32e23x_timer.o
timer_channel_input_struct_para_init              build/gd32e23x_timer.o
timer_channel_output_clear_config                 build/gd32e23x_timer.o
timer_channel_output_config                       build/gd32e23x_timer.o
timer_channel_output_fast_config                  build/gd32e23x_timer.o
timer_channel_output_mode_config                  build/gd32e23x_timer.o
timer_channel_output_polarity_config              build/gd32e23x_timer.o
timer_channel_output_pulse_value_config           build/gd32e23x_timer.o
timer_channel_output_shadow_config                build/gd32e23x_timer.o
timer_channel_output_state_config                 build/gd32e23x_timer.o
timer_channel_output_struct_para_init             build/gd32e23x_timer.o
timer_channel_remap_config                        build/gd32e23x_timer.o
timer_counter_alignment                           build/gd32e23x_timer.o
timer_counter_down_direction                      build/gd32e23x_timer.o
timer_counter_read                                build/gd32e23x_timer.o
timer_counter_up_direction                        build/gd32e23x_timer.o
timer_counter_value_config                        build/gd32e23x_timer.o
timer_deinit                                      build/gd32e23x_timer.o
timer_disable                                     build/gd32e23x_timer.o
timer_dma_disable                                 build/gd32e23x_timer.o
timer_dma_enable                                  build/gd32e23x_timer.o
timer_dma_transfer_config                         build/gd32e23x_timer.o
timer_enable                                      build/gd32e23x_timer.o
timer_event_software_generate                     build/gd32e23x_timer.o
timer_external_clock_mode0_config                 build/gd32e23x_timer.o
timer_external_clock_mode1_config                 build/gd32e23x_timer.o
timer_external_clock_mode1_disable                build/gd32e23x_timer.o
timer_external_trigger_as_external_clock_config   build/gd32e23x_timer.o
timer_external_trigger_config                     build/gd32e23x_timer.o
timer_flag_clear                                  build/gd32e23x_timer.o
timer_flag_get                                    build/gd32e23x_timer.o
timer_hall_mode_config                            build/gd32e23x_timer.o
timer_init                                        build/gd32e23x_timer.o
timer_input_capture_config                        build/gd32e23x_timer.o
timer_input_pwm_capture_config                    build/gd32e23x_timer.o
timer_input_trigger_source_select                 build/gd32e23x_timer.o
timer_internal_clock_config                       build/gd32e23x_timer.o
timer_internal_trigger_as_external_clock_config   build/gd32e23x_timer.o
timer_interrupt_disable                           build/gd32e23x_timer.o
timer_interrupt_enable                            build/gd32e23x_timer.o
timer_interrupt_flag_clear                        build/gd32e23x_timer.o
timer_interrupt_flag_get                          build/gd32e23x_timer.o
timer_master_output_trigger_source_select         build/gd32e23x_timer.o
timer_master_slave_mode_config                    build/gd32e23x_timer.o
timer_ocpre_clear_source_config                   build/gd32e23x_timer.o
timer_output_value_selection_config               build/gd32e23x_timer.o
timer_prescaler_config                            build/gd32e23x_timer.o
timer_prescaler_read                              build/gd32e23x_timer.o
timer_primary_output_config                       build/gd32e23x_timer.o
timer_quadrature_decoder_mode_config              build/gd32e23x_timer.o
timer_repetition_value_config                     build/gd32e23x_timer.o
timer_single_pulse_mode_config                    build/gd32e23x_timer.o
timer_slave_mode_select                           build/gd32e23x_timer.o
timer_struct_para_init                            build/gd32e23x_timer.o
timer_update_event_disable                        build/gd32e23x_timer.o
timer_update_event_enable                         build/gd32e23x_timer.o
timer_update_source_config                        build/gd32e23x_timer.o
timer_write_chxval_register_config                build/gd32e23x_timer.o
usart_address_config                              build/gd32e23x_usart.o
usart_address_detection_mode_config               build/gd32e23x_usart.o
usart_autobaud_detection_disable                  build/gd32e23x_usart.o
usart_autobaud_detection_enable                   build/gd32e23x_usart.o
usart_autobaud_detection_mode_config              build/gd32e23x_usart.o
usart_baudrate_set                                build/gd32e23x_usart.o
usart_block_length_config                         build/gd32e23x_usart.o
usart_clock_disable                               build/gd32e23x_usart.o
usart_clock_enable                                build/gd32e23x_usart.o
usart_command_enable                              build/gd32e23x_usart.o
usart_data_first_config                           build/gd32e23x_usart.o
usart_data_receive                                build/gd32e23x_usart.o
usart_data_transmit                               build/gd32e23x_usart.o
usart_deinit                                      build/gd32e23x_usart.o
usart_depolarity_config                           build/gd32e23x_usart.o
usart_disable                                     build/gd32e23x_usart.o
usart_dma_receive_config                          build/gd32e23x_usart.o
usart_dma_transmit_config                         build/gd32e23x_usart.o
usart_driver_assertime_config                     build/gd32e23x_usart.o
usart_driver_deassertime_config                   build/gd32e23x_usart.o
usart_enable                                      build/gd32e23x_usart.o
usart_flag_clear                                  build/gd32e23x_usart.o
usart_flag_get                                    build/gd32e23x_usart.o
usart_guard_time_config                           build/gd32e23x_usart.o
usart_halfduplex_disable                          build/gd32e23x_usart.o
usart_halfduplex_enable                           build/gd32e23x_usart.o
usart_hardware_flow_coherence_config              build/gd32e23x_usart.o
usart_hardware_flow_cts_config                    build/gd32e23x_usart.o
usart_hardware_flow_rts_config                    build/gd32e23x_usart.o
usart_interrupt_disable                           build/gd32e23x_usart.o
usart_interrupt_enable                            build/gd32e23x_usart.o
usart_interrupt_flag_clear                        build/gd32e23x_usart.o
usart_interrupt_flag_get                          build/gd32e23x_usart.o
usart_invert_config                               build/gd32e23x_usart.o
usart_irda_lowpower_config                        build/gd32e23x_usart.o
usart_irda_mode_disable                           build/gd32e23x_usart.o
usart_irda_mode_enable                            build/gd32e23x_usart.o
usart_lin_break_detection_length_config           build/gd32e23x_usart.o
usart_lin_mode_disable                            build/gd32e23x_usart.o
usart_lin_mode_enable                             build/gd32e23x_usart.o
usart_mute_mode_disable                           build/gd32e23x_usart.o
usart_mute_mode_enable                            build/gd32e23x_usart.o
usart_mute_mode_wakeup_config                     build/gd32e23x_usart.o
usart_overrun_disable                             build/gd32e23x_usart.o
usart_overrun_enable                              build/gd32e23x_usart.o
usart_oversample_config                           build/gd32e23x_usart.o
usart_parity_config                               build/gd32e23x_usart.o
usart_prescaler_config                            build/gd32e23x_usart.o
usart_receive_config                              build/gd32e23x_usart.o
usart_receive_fifo_counter_number                 build/gd32e23x_usart.o
usart_receive_fifo_disable                        build/gd32e23x_usart.o
usart_receive_fifo_enable                         build/gd32e23x_usart.o
usart_receiver_timeout_disable                    build/gd32e23x_usart.o
usart_receiver_timeout_enable                     build/gd32e23x_usart.o
usart_receiver_timeout_threshold_config           build/gd32e23x_usart.o
usart_reception_error_dma_disable                 build/gd32e23x_usart.o
usart_reception_error_dma_enable                  build/gd32e23x_usart.o
usart_rs485_driver_disable                        build/gd32e23x_usart.o
usart_rs485_driver_enable                         build/gd32e23x_usart.o
usart_sample_bit_config                           build/gd32e23x_usart.o
usart_smartcard_autoretry_config                  build/gd32e23x_usart.o
usart_smartcard_mode_disable                      build/gd32e23x_usart.o
usart_smartcard_mode_early_nack_disable           build/gd32e23x_usart.o
usart_smartcard_mode_early_nack_enable            build/gd32e23x_usart.o
usart_smartcard_mode_enable                       build/gd32e23x_usart.o
usart_smartcard_mode_nack_disable                 build/gd32e23x_usart.o
usart_smartcard_mode_nack_enable                  build/gd32e23x_usart.o
usart_stop_bit_set                                build/gd32e23x_usart.o
usart_synchronous_clock_config                    build/gd32e23x_usart.o
usart_transmit_config                             build/gd32e23x_usart.o
usart_wakeup_disable                              build/gd32e23x_usart.o
usart_wakeup_enable                               build/gd32e23x_usart.o
usart_wakeup_mode_config                          build/gd32e23x_usart.o
usart_word_length_set                             build/gd32e23x_usart.o
wwdgt_config                                      build/gd32e23x_wwdgt.o
wwdgt_counter_update                              build/gd32e23x_wwdgt.o
wwdgt_deinit                                      build/gd32e23x_wwdgt.o
wwdgt_enable                                      build/gd32e23x_wwdgt.o
wwdgt_flag_clear                                  build/gd32e23x_wwdgt.o
wwdgt_flag_get                                    build/gd32e23x_wwdgt.o
wwdgt_interrupt_enable                            build/gd32e23x_wwdgt.o
